"axllib.as", line 79:
        rep x == x @ % pretend Rep;
...............................^
[L79 C32] #1 (Error) (After Macro Expansion) No meaning for identifier `Rep'.
Expanded expression was: Rep

"abcheck1.as", line 38:
    == add
.......^
[L38 C8] #3 (Error) The domain is missing some exports.
      Missing =: (VecInt, VecInt) -> Boolean

"abcheck1.as", line 51:
      #(v:VI):SI == # rep v
....................^
[L51 C21] #2 (Error) There are no suitable meanings for the operator `#'.
